// Jest Snapshot v1, https://goo.gl/fbAQLP

exports[`Pruebas en <GifItem /> Debe de hacer match con el SnapShot 1`] = `
<div>
  <div
    class="card"
  >
    <img
      alt="One Punch"
      src="https://media0.giphy.com/media/lqFHf5fYMSuKcSOJph/giphy.gif?cid=284aee55m6ffwyzjtf0gogvv8ruy5aicg4gr0x9gii75v8v8&rid=giphy.gif&ct=g"
    />
    <p>
      One Punch
    </p>
  </div>
</div>
`;
